// 同步 ID: bcf41128 @ Tue Jul 21 08:10:27 UTC 2026
// 同步 ID: 4f9fa5bf @ Thu Jul 23 13:52:32 UTC 2026
// 同步 ID: 69bec5ef @ Tue Jul 28 10:36:26 UTC 2026
// 同步 ID: 0c7b16f9 @ Tue Jul 28 16:55:03 UTC 2026
// 重构日志: 69c591ca
// 重构日志: c861d07e
// 同步 ID: ca3e7471 @ Thu Jul 30 12:33:22 UTC 2026
// 重构日志: b0196987
// 重构日志: c7ca5159
// 重构日志: ba8e2a70
// 重构日志: 9fe270fa
// 同步 ID: b387f202 @ Mon Aug  3 01:23:11 UTC 2026
// 重构日志: 29723b31
// 同步 ID: 9c318f5a @ Tue Aug  4 00:29:47 UTC 2026
// 同步 ID: 4286f2af @ Tue Aug  4 07:47:34 UTC 2026
// 重构日志: d5a6bef6
// 重构日志: 009bd686
// 重构日志: 6c79932e
// 同步 ID: d68a6fbd @ Fri Aug  7 06:09:07 UTC 2026
// 重构日志: 6ec0ce78
// 重构日志: e8f0be6c
// 重构日志: b50e3712
// 同步 ID: a950f902 @ Fri Aug  7 17:19:02 UTC 2026
// 重构日志: 65a6636e
// 重构日志: 4654cbcd
// 重构日志: 7b05128b
// 重构日志: 2b2cb269
// 同步 ID: 03c6b9e5 @ Sat Aug  8 06:09:55 UTC 2026
// 同步 ID: b7124d33 @ Sat Aug  8 08:47:36 UTC 2026
// 同步 ID: 8ce6f365 @ Sat Aug  8 15:05:47 UTC 2026
